node.exe : C:\hackath
on1\Tournament-System
\backend\node_modules
\ts-node\src\index.ts
:859
At C:\Users\91878\App
Data\Roaming\npm\npx.
ps1:24 char:5
+     & "node$exe"  "
$basedir/node_modules
/npm/bin/npx-cli.js" 
$args
+     ~~~~~~~~~~~~~~~
~~~~~~~~~~~~~~~~~~~~~
~~~~~~~~~~~~~~~~~~~~~
~~~~~
    + CategoryInfo   
           : NotSpe  
  cified: (C:\hack   
 athon1\T...rc\in    
dex.ts:859:Strin    
g) [], RemoteExc    
eption
    + FullyQualified 
   ErrorId : Native  
  CommandError
 
    return new TSErro
r(diagnosticText, 
diagnosticCodes, 
diagnostics);
           ^
TSError: Γ¿» Unable 
to compile 
TypeScript:
src/tests/milestone3_
test.ts(45,13): 
error TS2345: 
Argument of type 'Mer
geType<Document<unkno
wn, {}, IMatch> & 
IMatch & { _id: 
ObjectId; }, 
Omit<Partial<IMatch> 
& { 
_nextMatchNumber?: 
number | undefined; 
}, "_id">>[]' is not 
assignable to 
parameter of type 
'IMatch[]'.
  Type 'MergeType<Doc
ument<unknown, {}, 
IMatch> & IMatch & { 
_id: ObjectId; }, 
Omit<Partial<IMatch> 
& { 
_nextMatchNumber?: 
number | undefined; 
}, "_id">>' is not 
assignable to type 
'IMatch'.
    Types of 
property 'eventId' 
are incompatible.
      Type 'ObjectId 
| undefined' is not 
assignable to type 
'ObjectId'.
        Type 
'undefined' is not 
assignable to type 
'ObjectId'.
src/tests/milestone3_
test.ts(73,26): 
error TS2532: Object 
is possibly 
'undefined'.

    at createTSError 
(C:\hackathon1\Tourna
ment-System\backend\n
ode_modules\ts-node\s
rc\index.ts:859:12)
    at reportTSError 
(C:\hackathon1\Tourna
ment-System\backend\n
ode_modules\ts-node\s
rc\index.ts:863:19)
    at getOutput (C:\
hackathon1\Tournament
-System\backend\node_
modules\ts-node\src\i
ndex.ts:1077:36)
    at 
Object.compile (C:\ha
ckathon1\Tournament-S
ystem\backend\node_mo
dules\ts-node\src\ind
ex.ts:1433:41)
    at 
Module.m._compile (C:
\hackathon1\Tournamen
t-System\backend\node
_modules\ts-node\src\
index.ts:1617:30)
    at node:internal/
modules/cjs/loader:18
95:10
    at Object.require
.extensions.<computed
> [as .ts] (C:\hackat
hon1\Tournament-Syste
m\backend\node_module
s\ts-node\src\index.t
s:1621:12)
    at Module.load (n
ode:internal/modules/
cjs/loader:1465:32)
    at 
Function._load (node:
internal/modules/cjs/
loader:1282:12)
    at TracingChannel
.traceSync (node:diag
nostics_channel:322:1
4) {
  diagnosticCodes: [ 
2345, 2532 ]
}
